// Jest Snapshot v1, https://goo.gl/fbAQLP

exports[`Extended Load more button Should render extended load more button 1`] = `
<div
  className="arr--button load-more-m__button__GUDhq load-more-m__dark__6EGEv load-more-m__default__mQSXc"
  onClick={[Function]}
  style={Object {}}
>
  Read More
</div>
`;
